13:06:13 **** Auto Build of configuration Debug for project jtag_flash_fsbl ****
make pre-build main-build 
a9-linaro-pre-build-step
' '
'Building file: ../src/main.c'
'Invoking: ARM v7 gcc compiler'
arm-none-eabi-gcc -Wall -O0 -g3 -I"E:\git_repos\DAC\FPGA\DAC\te0726-test_board-vivado_2018.3-build_10_20191211160314\test_board\vivado\test_board.sdk\zsys_wrapper_hw_platform_0" -c -fmessage-length=0 -MT"src/main.o" -mcpu=cortex-a9 -mfpu=vfpv3 -mfloat-abi=hard -I../../jtag_flash_fsbl_bsp/ps7_cortexa9_0/include -MMD -MP -MF"src/main.d" -MT"src/main.o" -o "src/main.o" "../src/main.c"
In file included from ../src/main.c:137:0:
../../jtag_flash_fsbl_bsp/ps7_cortexa9_0/include/xtime_l.h:87:9: note: #pragma message: For the sleep routines, Global timer is being used
 #pragma message ("For the sleep routines, Global timer is being used")
         ^~~~~~~
../src/main.c: In function 'main':
../src/main.c:296:0: warning: "XPAR_PS7_DDR_0_S_AXI_BASEADDR" redefined
 #define XPAR_PS7_DDR_0_S_AXI_BASEADDR 0x0
 
In file included from ../../jtag_flash_fsbl_bsp/ps7_cortexa9_0/include/xil_printf.h:12:0,
                 from ../../jtag_flash_fsbl_bsp/ps7_cortexa9_0/include/xil_io.h:61,
                 from ../src/fsbl.h:320,
                 from ../src/main.c:125:
../../jtag_flash_fsbl_bsp/ps7_cortexa9_0/include/xparameters.h:36:0: note: this is the location of the previous definition
 #define XPAR_PS7_DDR_0_S_AXI_BASEADDR 0x00100000
 
'Finished building: ../src/main.c'
' '
'Building target: jtag_flash_fsbl.elf'
'Invoking: ARM v7 gcc linker'
arm-none-eabi-gcc -mcpu=cortex-a9 -mfpu=vfpv3 -mfloat-abi=hard -Wl,-build-id=none -specs=Xilinx.spec -Wl,-T -Wl,../src/lscript.ld -L../../jtag_flash_fsbl_bsp/ps7_cortexa9_0/lib -o "jtag_flash_fsbl.elf"  ./src/fsbl_handoff.o ./src/fsbl_hooks.o ./src/image_mover.o ./src/main.o ./src/md5.o ./src/nand.o ./src/nor.o ./src/pcap.o ./src/ps7_init.o ./src/qspi.o ./src/rsa.o ./src/sd.o   -Wl,--start-group,-lxil,-lgcc,-lc,--end-group -Wl,--start-group,-lxilffs,-lxil,-lgcc,-lc,--end-group -Wl,--start-group,-lrsa,-lxil,-lgcc,-lc,--end-group
'Finished building target: jtag_flash_fsbl.elf'
' '
'Invoking: ARM v7 Print Size'
arm-none-eabi-size jtag_flash_fsbl.elf  |tee "jtag_flash_fsbl.elf.size"
   text	   data	    bss	    dec	    hex	filename
  83620	  10448	  74728	 168796	  2935c	jtag_flash_fsbl.elf
'Finished building: jtag_flash_fsbl.elf.size'
' '

13:06:14 Build Finished (took 756ms)

